Interpreter error: Divide by zero error second, left operand of / 
                                     must be larger than 0 at line 3, column 5
